// Jest Snapshot v1, https://goo.gl/fbAQLP

exports[`should render ExpenseList with empty message 1`] = `
<div>
  <p>
    No expenses
  </p>
</div>
`;

exports[`should render ExpenseList with expenses 1`] = `
<div>
  <ExpenseListItem
    amount={400}
    createdAt={0}
    description="Coffee"
    id="1"
    key="1"
    note=""
  />
  <ExpenseListItem
    amount={109500}
    createdAt={345600000}
    description="Date with Bubu"
    id="2"
    key="2"
    note=""
  />
  <ExpenseListItem
    amount={999999}
    createdAt={864000000}
    description="Dabble expenses"
    id="3"
    key="3"
    note=""
  />
</div>
`;
