// Jest Snapshot v1, https://goo.gl/fbAQLP

exports[`should render ExpenseListItem with expense 1`] = `
<div>
  <Link
    replace={false}
    to="/edit/2"
  >
    <h3>
      Date with Bubu
    </h3>
  </Link>
  <p>
    $1,095.00
    -
    January 5th, 1970
  </p>
</div>
`;
